Hitachi Optimizing Linkage Editor (Ver. 7.1.03.000)02-Dec-2015 21:49:01

*** Options ***

-subcommand=C:\Users\mosnier\AppData\Local\Temp\hmk3576.tmp
noprelink
sdebug
rom D=R
nomessage
list "C:\Users\mosnier\Desktop\Sound4Calc\Sources\Debug\FXADDINror.map"
show symbol
nooptimize
start P_TOP,P,C,D,C$VTBL,C$INIT/0300200,B_BR_Size,B,R/08100000
fsymbol P
nologo
input "C:\Users\mosnier\Desktop\Sound4Calc\Sources\Debug\Sound4Calc.obj"
input "C:\Casio_SDK\OS\FX\lib\setup.obj"
library "C:\Casio_SDK\OS\FX\lib\fx9860G_library.lib"
output "C:\Users\mosnier\Desktop\Sound4Calc\Sources\Debug\FXADDINror.abs"
-nomessage=1100
end

*** Error information ***

*** Mapping List ***

SECTION                            START      END         SIZE   ALIGN

P_TOP
                                  00300200  0030020b         c   4
P
                                  0030020c  0030385f      3654   4
C
                                  00303860  00303b9f       340   4
D
                                  00303ba0  00303ba3         4   4
B_BR_Size
                                  08100000  08100003         4   4
B
                                  08100004  0810000b         8   4
R
                                  0810000c  0810000f         4   4

*** Symbol List ***

SECTION=
FILE=                               START        END    SIZE
  SYMBOL                            ADDR        SIZE    INFO      COUNTS  OPT

SECTION=P_TOP
FILE=C:\Users\mosnier\Desktop\Sound4Calc\Sources\Debug\Sound4Calc.obj
                                  00300200  0030020b         c
  _InitializeSystem
                                  00300200         c   func ,g         * 

SECTION=P
FILE=C:\Users\mosnier\Desktop\Sound4Calc\Sources\Debug\Sound4Calc.obj
                                  0030020c  00300617       40c
  _OSVersionAsInt
                                  0030020c        3e   func ,g         * 
  _delay
                                  0030024a        10   func ,g         * 
  _CheckKeyRow
                                  0030025a        ee   func ,g         * 
  _KeyDown
                                  00300348        90   func ,g         * 
  _GetKeyMod
                                  003003d8        54   func ,g         * 
  _AddIn_main
                                  0030042c        cc   func ,g         * 
  _setup
                                  003004f8        98   func ,g         * 
  _Pin
                                  00300590        1a   func ,g         * 
  _getMPU
                                  003005aa        6e   func ,g         * 
FILE=C:\Casio_SDK\OS\FX\lib\setup.obj
                                  00300618  00300733       11c
  ___LINK_PROTECT
                                  00300618         4   func ,g         * 
  _SetQuitHandler
                                  0030061c         6   func ,g         * 
  _OnAppCloseDefault
                                  00300622        54   func ,g         * 
  __INITSCT_ADDIN
                                  00300676        48   func ,g         * 
  _INIT_ADDIN_APPLICATION
                                  003006be        76   func ,g         * 
FILE=__divls
                                  00300734  003007e7        b4
  __divls
                                  00300734         0   none ,g         * 
  divls_zero
                                  003007d2         0   none ,l         * 
  A_errno
                                  003007e0         0   none ,l         * 
  n_zerono
                                  003007e4         0   none ,l         * 
FILE=__modls
                                  003007e8  003008af        c8
  __modls
                                  003007e8         0   none ,g         * 
  modls_L
                                  0030088e         0   none ,l         * 
  modls_zero
                                  0030089a         0   none ,l         * 
  A_errno
                                  003008a8         0   none ,l         * 
  n_zerono
                                  003008ac         0   none ,l         * 
FILE=memcpy
                                  003008b0  0030096d        be
  _memcpy
                                  003008b0        be   func ,g         * 
FILE=sprintf
                                  00300970  003009ab        3c
  _sprintf
                                  00300970        3c   func ,g         * 
FILE=_Bdel_cychdr
                                  003009ac  003009bb        10
  _Bdel_cychdr
                                  003009ac         0   none ,g         * 
FILE=_Bdisp_AllClr_VRAM
                                  003009bc  003009cb        10
  _Bdisp_AllClr_VRAM
                                  003009bc         0   none ,g         * 
FILE=_BfileFLS_CloseFile
                                  003009cc  003009db        10
  _BfileFLS_CloseFile
                                  003009cc         0   none ,g         * 
FILE=_Bkey_Set_RepeatTime_Default
                                  003009dc  003009eb        10
  _Bkey_Set_RepeatTime_Default
                                  003009dc         0   none ,g         * 
FILE=_CallbackAtQuitMainFunction
                                  003009ec  003009fb        10
  _CallbackAtQuitMainFunction
                                  003009ec         0   none ,g         * 
FILE=_flsFindClose
                                  003009fc  00300a0b        10
  _flsFindClose
                                  003009fc         0   none ,g         * 
FILE=_getkey
                                  00300a0c  00300a1b        10
  _GetKey
                                  00300a0c         0   none ,g         * 
FILE=_GLibAddinAplExecutionCheck
                                  00300a1c  00300a2b        10
  _GLibAddinAplExecutionCheck
                                  00300a1c         0   none ,g         * 
FILE=_Hmem_SetMMU
                                  00300a2c  00300a3b        10
  _Hmem_SetMMU
                                  00300a2c         0   none ,g         * 
FILE=dispbios
                                  00300a3c  00300bb1       176
  _PrintMini
                                  00300a3c        1c   func ,g         * 
  _locate
                                  00300a58        28   func ,g         * 
  _Bdisp_ReadArea_DD
                                  00300a80       132   func ,g         * 
FILE=_fmtout
                                  00300bb4  00301c9f      10ec
  __fmtout
                                  00300bb4       768   func ,g         * 
  __ltostr
                                  0030131c       20a   func ,l         * 
  __xtostr
                                  00301526       68e   func ,l         * 
  __round
                                  00301bb4        60   func ,l         * 
  __putstr
                                  00301c14        58   func ,l         * 
  __putnull
                                  00301c6c        10   func ,l         * 
  __puterr
                                  00301c7c        24   func ,l         * 
FILE=_DD_GET
                                  00301ca0  00301caf        10
  _DD_GET
                                  00301ca0         0   none ,g         * 
FILE=_locate
                                  00301cb0  00301cbf        10
  _locate_OS
                                  00301cb0         0   none ,g         * 
FILE=_PrintMiniSd
                                  00301cc0  00301ccf        10
  _PrintMiniSd
                                  00301cc0         0   none ,g         * 
FILE=r_eqd
                                  00301cd0  00301d63        94
  __eqd
                                  00301cd0         0   none ,g         * 
  exception_return1
                                  00301d02         0   none ,l         * 
  exception_return2
                                  00301d06         0   none ,l         * 
  exception_return3
                                  00301d0a         0   none ,l         * 
  false
                                  00301d16         0   none ,l         * 
  return
                                  00301d18         0   none ,l         * 
  exception1
                                  00301d2c         0   none ,l         * 
  exception2
                                  00301d38         0   none ,l         * 
  exception3
                                  00301d44         0   none ,l         * 
  EXP_INF
                                  00301d5c         0   none ,l         * 
  MMASK
                                  00301d60         0   none ,l         * 
FILE=__divlu
                                  00301d64  00301e0b        a8
  __divlu
                                  00301d64         0   none ,g         * 
  divlu_zero
                                  00301df6         0   none ,l         * 
  A_errno
                                  00301e04         0   none ,l         * 
  n_zerono
                                  00301e08         0   none ,l         * 
FILE=__modlu
                                  00301e0c  00301ec3        b8
  __modlu
                                  00301e0c         0   none ,g         * 
  modlu_L
                                  00301ea4         0   none ,l         * 
  modlu_zero
                                  00301eac         0   none ,l         * 
  A_errno
                                  00301ebc         0   none ,l         * 
  n_zerono
                                  00301ec0         0   none ,l         * 
FILE=_its
                                  00301ec4  00301ff3       130
  __its
                                  00301ec4       130   func ,g         * 
FILE=_xti
                                  00301ff4  00302283       290
  __xti
                                  00301ff4       290   func ,g         * 
  _la$264
                                  003021cc         0   none ,l         * 
FILE=strlen
                                  00302284  00302293        10
  _strlen
                                  00302284        10   func ,g         * 
FILE=_allzero
                                  00302294  003022b1        1e
  __allzero
                                  00302294        1e   func ,g         * 
FILE=_calcnpw
                                  003022b4  003023b3       100
  __calcnpw
                                  003022b4       100   func ,g         * 
FILE=_log10
                                  003023b4  0030267b       2c8
  __log10
                                  003023b4        62   func ,g         * 
  _frexp
                                  00302416       12e   func ,l         * 
  _modf
                                  00302544       138   func ,l         * 
FILE=_lsfts
                                  0030267c  003026c7        4c
  __lsfts
                                  0030267c        4c   func ,g         * 
FILE=_pow5
                                  003026c8  003026eb        24
  __pow5
                                  003026c8        24   func ,g         * 
FILE=_rsfts
                                  003026ec  00302741        56
  __rsfts
                                  003026ec        56   func ,g         * 
FILE=_sub
                                  00302744  003027d7        94
  __sub
                                  00302744        94   func ,g         * 
FILE=_umemcmp
                                  003027d8  0030280b        34
  __umemcmp
                                  003027d8        34   func ,g         * 
FILE=_unpack
                                  0030280c  003028a7        9c
  __unpack
                                  0030280c        9c   func ,g         * 
FILE=memcmp
                                  003028a8  003028db        34
  _memcmp
                                  003028a8        34   func ,g         * 
FILE=r_addd
                                  003028dc  00302c6b       390
  __subd
                                  003028dc         0   none ,g         * 
  __subdr
                                  003028f4         0   none ,g         * 
  exception1
                                  0030290c         0   none ,l         * 
  return_NaN
                                  00302920         0   none ,l         * 
  return_inf
                                  00302928         0   none ,l         * 
  exception2
                                  0030292c         0   none ,l         * 
  p2_denorm_check
                                  00302940         0   none ,l         * 
  p1_denorm
                                  0030294c         0   none ,l         * 
  return_p2
                                  00302958         0   none ,l         * 
  return_p1
                                  00302960         0   none ,l         * 
  p1_normalize
                                  0030296e         0   none ,l         * 
  p1_norm_loop
                                  00302978         0   none ,l         * 
  end_p1_norm
                                  00302982         0   none ,l         * 
  p2_normalize
                                  00302982         0   none ,l         * 
  p2_norm_loop
                                  0030298c         0   none ,l         * 
  end_p2_norm
                                  00302996         0   none ,l         * 
  swap_end
                                  0030299e         0   none ,l         * 
  return_zero
                                  003029a2         0   none ,l         * 
  __addd
                                  003029ac         0   none ,g         * 
  sub_in
                                  003029be         0   none ,l         * 
  rotation
                                  003029de         0   none ,l         * 
  exception_return
                                  00302a0a         0   none ,l         * 
  sftr1
                                  00302a4c         0   none ,l         * 
  e_sftr31
                                  00302a50         0   none ,l         * 
  e_sftr55
                                  00302a76         0   none ,l         * 
  sftr_loop
                                  00302a7c         0   none ,l         * 
  end_sftr
                                  00302a84         0   none ,l         * 
  mantissa_sub
                                  00302aa8         0   none ,l         * 
  man_sub1
                                  00302ab0         0   none ,l         * 
  normalize
                                  00302abe         0   none ,l         * 
  norm32_end
                                  00302ac8         0   none ,l         * 
  norm16_end
                                  00302ad8         0   none ,l         * 
  over_norm
                                  00302ade         0   none ,l         * 
  overnorm_end
                                  00302b0a         0   none ,l         * 
  norm_loop
                                  00302b10         0   none ,l         * 
  end_calc
                                  00302b38         0   none ,l         * 
  end_norm
                                  00302b38         0   none ,l         * 
  denormalize_loop
                                  00302b40         0   none ,l         * 
  round
                                  00302b48         0   none ,l         * 
  end_denormal
                                  00302b48         0   none ,l         * 
  round_carry
                                  00302b60         0   none ,l         * 
  end_round
                                  00302b66         0   none ,l         * 
  return_value
                                  00302b66         0   none ,l         * 
  return
                                  00302b84         0   none ,l         * 
  plus_zero
                                  00302ba4         0   none ,l         * 
  swap
                                  00302bae         0   none ,l         * 
  EXP_INF
                                  00302bc8         0   none ,l         * 
  MMASK
                                  00302bcc         0   none ,l         * 
  MSB
                                  00302bd0         0   none ,l         * 
  LOWMASK
                                  00302bd4         0   none ,l         * 
  CARRY_CHECK
                                  00302bd8         0   none ,l         * 
  NORMAL
                                  00302bdc         0   none ,l         * 
  SIGN
                                  00302be0         0   none ,l         * 
  HALF
                                  00302be4         0   none ,l         * 
  sftrtbl
                                  00302be8         0   none ,l         * 
FILE=r_dtoi
                                  00302c6c  00302cf7        8c
  __dtou
                                  00302c6c         0   none ,g         * 
  __dtoi
                                  00302c6c         0   none ,g         * 
  loop_sftl
                                  00302cac         0   none ,l         * 
  shift_low
                                  00302cb6         0   none ,l         * 
  shift_low1
                                  00302cbe         0   none ,l         * 
  shift_r
                                  00302cc8         0   none ,l         * 
  shift_r1
                                  00302cca         0   none ,l         * 
  end_shift
                                  00302cd0         0   none ,l         * 
  return
                                  00302cd6         0   none ,l         * 
  end_nagate
                                  00302cd6         0   none ,l         * 
  return_zero
                                  00302ce4         0   none ,l         * 
  EXP_INF
                                  00302ce8         0   none ,l         * 
  MMASK
                                  00302cec         0   none ,l         * 
  MSB
                                  00302cf0         0   none ,l         * 
  BIAS
                                  00302cf4         0   none ,l         * 
FILE=r_itod
                                  00302cf8  00302d4b        54
  __itod
                                  00302cf8         0   none ,g         * 
  end_negate
                                  00302d0c         0   none ,l         * 
  sftl_loop
                                  00302d0e         0   none ,l         * 
  return
                                  00302d30         0   none ,l         * 
  return_zero
                                  00302d40         0   none ,l         * 
  EXP_32
                                  00302d48         0   none ,l         * 
FILE=r_ltd
                                  00302d4c  00302df3        a8
  __ltd
                                  00302d4c         0   none ,g         * 
  exception_return1
                                  00302d7e         0   none ,l         * 
  exception_return2
                                  00302d82         0   none ,l         * 
  exception_return3
                                  00302d86         0   none ,l         * 
  minus
                                  00302d98         0   none ,l         * 
  sign_def
                                  00302da0         0   none ,l         * 
  return
                                  00302da4         0   none ,l         * 
  exception1
                                  00302db8         0   none ,l         * 
  exception2
                                  00302dc4         0   none ,l         * 
  exception3
                                  00302dd0         0   none ,l         * 
  false
                                  00302de8         0   none ,l         * 
  EXP_INF
                                  00302dec         0   none ,l         * 
  MMASK
                                  00302df0         0   none ,l         * 
FILE=r_muld
                                  00302df4  00303007       214
  exception1
                                  00302df4         0   none ,l         * 
  parm2_NaN_check
                                  00302e10         0   none ,l         * 
  exception2
                                  00302e1c         0   none ,l         * 
  exception3
                                  00302e34         0   none ,l         * 
  ex3
                                  00302e40         0   none ,l         * 
  p1_norm_loop
                                  00302e4a         0   none ,l         * 
  end_p1_norm
                                  00302e54         0   none ,l         * 
  exception4
                                  00302e58         0   none ,l         * 
  ex4
                                  00302e64         0   none ,l         * 
  p2_norm_loop
                                  00302e6e         0   none ,l         * 
  end_p2_norm
                                  00302e78         0   none ,l         * 
  return_zero
                                  00302e7c         0   none ,l         * 
  return_inf
                                  00302e86         0   none ,l         * 
  return_NaN
                                  00302e8e         0   none ,l         * 
  __muld
                                  00302e98         0   none ,g         * 
  exception_return3
                                  00302eee         0   none ,l         * 
  exception_return4
                                  00302ef2         0   none ,l         * 
  mul_man1
                                  00302f34         0   none ,l         * 
  end_normalize
                                  00302f58         0   none ,l         * 
  end_sticky
                                  00302f5e         0   none ,l         * 
  denormalize_loop
                                  00302f66         0   none ,l         * 
  round_denormal
                                  00302f72         0   none ,l         * 
  end_round_d
                                  00302f88         0   none ,l         * 
  end_denormal
                                  00302f8c         0   none ,l         * 
  round_carry
                                  00302f9e         0   none ,l         * 
  end_round
                                  00302fa4         0   none ,l         * 
  return_value
                                  00302fa4         0   none ,l         * 
  return
                                  00302fc2         0   none ,l         * 
  EXP_INF
                                  00302ff0         0   none ,l         * 
  MMASK
                                  00302ff4         0   none ,l         * 
  MSB
                                  00302ff8         0   none ,l         * 
  CARRY_CHECK
                                  00302ffc         0   none ,l         * 
  BIAS
                                  00303000         0   none ,l         * 
  DEN_CARRY
                                  00303004         0   none ,l         * 
FILE=r_ned
                                  00303008  0030309b        94
  __ned
                                  00303008         0   none ,g         * 
  exception_return1
                                  0030303a         0   none ,l         * 
  exception_return2
                                  0030303e         0   none ,l         * 
  exception_return3
                                  00303042         0   none ,l         * 
  true
                                  0030304e         0   none ,l         * 
  return
                                  00303050         0   none ,l         * 
  exception1
                                  00303064         0   none ,l         * 
  exception2
                                  00303070         0   none ,l         * 
  exception3
                                  0030307c         0   none ,l         * 
  EXP_INF
                                  00303094         0   none ,l         * 
  MMASK
                                  00303098         0   none ,l         * 
FILE=__divws
                                  0030309c  003030eb        50
  __divws
                                  0030309c         0   none ,g         * 
  divws_zero
                                  003030da         0   none ,l         * 
  A_errno
                                  003030e4         0   none ,l         * 
  n_zerono
                                  003030e8         0   none ,l         * 
FILE=_div64
                                  003030ec  0030327f       194
  __div64
                                  003030ec       194   func ,g         * 
FILE=_duchek
                                  00303280  003032af        30
  __duchek
                                  00303280        30   func ,g         * 
FILE=_lsft
                                  003032b0  003032f5        46
  __lsft
                                  003032b0        46   func ,g         * 
FILE=_mult64
                                  003032f8  00303367        70
  __mult64
                                  003032f8        70   func ,g         * 
FILE=_power
                                  00303368  003034bb       154
  __power
                                  00303368       154   func ,g         * 
FILE=_rnd
                                  003034bc  003035a7        ec
  __rnd
                                  003034bc        ec   func ,g         * 
FILE=_setsbit
                                  003035a8  0030362b        84
  __setsbit
                                  003035a8        84   func ,g         * 
FILE=_add
                                  0030362c  00303687        5c
  __add
                                  0030362c        5c   func ,g         * 
FILE=_mult
                                  00303688  00303763        dc
  __mult
                                  00303688        dc   func ,g         * 
FILE=_pow10
                                  00303764  003037fb        98
  __pow10
                                  00303764        98   func ,g         * 
FILE=_rsft
                                  003037fc  00303845        4a
  __rsft
                                  003037fc        4a   func ,g         * 
FILE=memset
                                  00303848  0030385f        18
  _memset
                                  00303848        18   func ,g         * 

SECTION=C
FILE=C:\Users\mosnier\Desktop\Sound4Calc\Sources\Debug\Sound4Calc.obj
                                  00303860  00303880        21
  _sc0015
                                  00303860        10   data ,g         * 
FILE=addin_sct
                                  00303884  00303897        14
  _B_BGN
                                  00303884         0   none ,g         * 
  _B_END
                                  00303888         0   none ,g         * 
  _R_BGN
                                  0030388c         0   none ,g         * 
  _R_END
                                  00303890         0   none ,g         * 
  _D_ROM
                                  00303894         0   none ,g         * 
FILE=_ctype
                                  00303898  00303997       100
  __ctype
                                  00303898       100   data ,g         * 
FILE=_its
                                  00303998  00303a1f        88
  _table$246
                                  00303998        88   data ,l         * 
FILE=_pow5
                                  00303a20  00303aff        e0
  _w$238
                                  00303a20        e0   data ,l         * 
FILE=_power
                                  00303b00  00303b9f        a0
  _conmnts$251
                                  00303b00        80   data ,l         * 
  _conexp$252
                                  00303b80        20   data ,l         * 

SECTION=B_BR_Size
FILE=C:\Users\mosnier\Desktop\Sound4Calc\Sources\Debug\Sound4Calc.obj
                                  08100000  08100003         4
  _BR_Size
                                  08100000         4   data ,g         * 

SECTION=B
FILE=C:\Users\mosnier\Desktop\Sound4Calc\Sources\Debug\Sound4Calc.obj
                                  08100004  08100004         1
  _is_SH4
                                  08100004         1   data ,g         * 
FILE=_errno
                                  08100008  0810000b         4
  __errno
                                  08100008         4   data ,g         * 

SECTION=R
FILE=C:\Casio_SDK\OS\FX\lib\setup.obj
                                  0810000c  0810000f         4
  _gb_OnAppClose
                                  0810000c         4   data ,g         * 

Absolute value symbols
FILE=__divls
  zerodiv
                                  0000044e         0   none ,l         * 
FILE=__modls
  zerodiv
                                  0000044e         0   none ,l         * 
FILE=_Bdel_cychdr
  __JumpTableTOP
                                  80010070         0   none ,l         * 
FILE=_Bdisp_AllClr_VRAM
  __JumpTableTOP
                                  80010070         0   none ,l         * 
FILE=_BfileFLS_CloseFile
  __JumpTableTOP
                                  80010070         0   none ,l         * 
FILE=_Bkey_Set_RepeatTime_Default
  __JumpTableTOP
                                  80010070         0   none ,l         * 
FILE=_CallbackAtQuitMainFunction
  __JumpTableTOP
                                  80010070         0   none ,l         * 
FILE=_flsFindClose
  __JumpTableTOP
                                  80010070         0   none ,l         * 
FILE=_getkey
  __JumpTableTOP
                                  80010070         0   none ,l         * 
FILE=_GLibAddinAplExecutionCheck
  __JumpTableTOP
                                  80010070         0   none ,l         * 
FILE=_Hmem_SetMMU
  __JumpTableTOP
                                  80010070         0   none ,l         * 
FILE=_DD_GET
  __JumpTableTOP
                                  80010070         0   none ,l         * 
FILE=_locate
  __JumpTableTOP
                                  80010070         0   none ,l         * 
FILE=_PrintMiniSd
  __JumpTableTOP
                                  80010070         0   none ,l         * 
FILE=__divlu
  zerodiv
                                  0000044e         0   none ,l         * 
FILE=__modlu
  zerodiv
                                  0000044e         0   none ,l         * 
FILE=__divws
  zerodiv
                                  0000044e         0   none ,l         * 

*** Delete Symbols ***

SYMBOL                                SIZE    INFO

*** Variable Accessible with Abs8 ***

SYMBOL                                SIZE    COUNTS  OPTIMIZE

*** Variable Accessible with Abs16 ***

SYMBOL                                SIZE    COUNTS  OPTIMIZE

*** Function Call ***

SYMBOL                              COUNTS  OPTIMIZE
